

Microchip MPLAB XC8 Assembler V3.10 build 20250813170317 
                                                                                               Sun Feb 15 13:48:07 2026

Microchip MPLAB XC8 C Compiler v3.10 (Free license) build 20250813170317 Og1 
     1                           	processor	16F18855
     2                           	pagewidth 120
     3                           	opt	flic
     4                           	psect	cinit,global,class=CODE,space=0,merge=1,delta=2
     5                           	psect	bssCOMMON,global,class=COMMON,space=1,delta=1,noexec
     6                           	psect	cstackCOMMON,global,class=COMMON,space=1,delta=1,noexec
     7                           	psect	maintext,global,class=CODE,space=0,merge=1,split=1,delta=2
     8                           	psect	intentry,global,class=CODE,space=0,delta=2
     9                           	psect	config,global,abs,ovrld,class=CONFIG,space=4,delta=2,noexec
    10                           	dabs	1,0x7E,2
    11     0000                     
    12                           ; Generated 21/06/2023 GMT
    13                           ; 
    14                           ; Copyright © 2023, Microchip Technology Inc. and its subsidiaries ("Microchip")
    15                           ; All rights reserved.
    16                           ; 
    17                           ; This software is developed by Microchip Technology Inc. and its subsidiaries ("Microch
      +                          ip").
    18                           ; 
    19                           ; Redistribution and use in source and binary forms, with or without modification, are
    20                           ; permitted provided that the following conditions are met:
    21                           ; 
    22                           ;     1. Redistributions of source code must retain the above copyright notice, this lis
      +                          t of
    23                           ;        conditions and the following disclaimer.
    24                           ; 
    25                           ;     2. Redistributions in binary form must reproduce the above copyright notice, this 
      +                          list
    26                           ;        of conditions and the following disclaimer in the documentation and/or other
    27                           ;        materials provided with the distribution. Publication is not required when
    28                           ;        this file is used in an embedded application.
    29                           ; 
    30                           ;     3. Microchip's name may not be used to endorse or promote products derived from th
      +                          is
    31                           ;        software without specific prior written permission.
    32                           ; 
    33                           ; THIS SOFTWARE IS PROVIDED BY MICROCHIP "AS IS" AND ANY EXPRESS OR IMPLIED WARRANTIES,
    34                           ; INCLUDING, BUT NOT LIMITED TO, THE IMPLIED WARRANTIES OF MERCHANTABILITY AND FITNESS F
      +                          OR
    35                           ; PURPOSE ARE DISCLAIMED.  IN NO EVENT SHALL MICROCHIP BE LIABLE FOR ANY DIRECT, INDIREC
      +                          T,
    36                           ; INCIDENTAL, SPECIAL, EXEMPLARY, OR CONSEQUENTIAL DAMAGES (INCLUDING BUT NOT LIMITED TO
    37                           ; PROCUREMENT OF SUBSTITUTE GOODS OR SERVICES; LOSS OF USE, DATA OR PROFITS; OR BUSINESS
    38                           ; INTERRUPTION) HOWSOEVER CAUSED AND ON ANY THEORY OF LIABILITY, WHETHER IN CONTRACT, ST
      +                          RICT
    39                           ; LIABILITY, OR TORT (INCLUDING NEGLIGENCE OR OTHERWISE) ARISING IN ANY WAY OUT OF THE U
      +                          SE OF
    40                           ; THIS SOFTWARE, EVEN IF ADVISED OF THE POSSIBILITY OF SUCH DAMAGE.
    41                           ; 
    42                           ; 
    43                           ; Code-generator required, PIC16F18855 Definitions
    44                           ; 
    45                           ; SFR Addresses
    46     0008                     bsr             equ	8
    47     0005                     fsr0h           equ	5
    48     0004                     fsr0l           equ	4
    49     0007                     fsr1h           equ	7
    50     0006                     fsr1l           equ	6
    51     0000                     indf            equ	0
    52     0000                     indf0           equ	0
    53     0001                     indf1           equ	1
    54     000B                     intcon          equ	11
    55     0002                     pc              equ	2
    56     0002                     pcl             equ	2
    57     000A                     pclath          equ	10
    58     0003                     status          equ	3
    59     0009                     wreg            equ	9
    60     0000                     INDF0           equ	0	;# 
    61     0001                     INDF1           equ	1	;# 
    62     0002                     PCL             equ	2	;# 
    63     0003                     STATUS          equ	3	;# 
    64     0004                     FSR0L           equ	4	;# 
    65     0005                     FSR0H           equ	5	;# 
    66     0006                     FSR1L           equ	6	;# 
    67     0007                     FSR1H           equ	7	;# 
    68     0008                     BSR             equ	8	;# 
    69     0009                     WREG            equ	9	;# 
    70     000A                     PCLATH          equ	10	;# 
    71     000B                     INTCON          equ	11	;# 
    72     000C                     PORTA           equ	12	;# 
    73     000D                     PORTB           equ	13	;# 
    74     000E                     PORTC           equ	14	;# 
    75     0010                     PORTE           equ	16	;# 
    76     0011                     TRISA           equ	17	;# 
    77     0012                     TRISB           equ	18	;# 
    78     0013                     TRISC           equ	19	;# 
    79     0016                     LATA            equ	22	;# 
    80     0017                     LATB            equ	23	;# 
    81     0018                     LATC            equ	24	;# 
    82     001C                     TMR0L           equ	28	;# 
    83     001C                     TMR0            equ	28	;# 
    84     001D                     TMR0H           equ	29	;# 
    85     001D                     PR0             equ	29	;# 
    86     001E                     T0CON0          equ	30	;# 
    87     001F                     T0CON1          equ	31	;# 
    88     008C                     ADRES           equ	140	;# 
    89     008C                     ADRESL          equ	140	;# 
    90     008D                     ADRESH          equ	141	;# 
    91     008E                     ADPREV          equ	142	;# 
    92     008E                     ADPREVL         equ	142	;# 
    93     008F                     ADPREVH         equ	143	;# 
    94     0090                     ADACC           equ	144	;# 
    95     0090                     ADACCL          equ	144	;# 
    96     0091                     ADACCH          equ	145	;# 
    97     0093                     ADCON0          equ	147	;# 
    98     0094                     ADCON1          equ	148	;# 
    99     0095                     ADCON2          equ	149	;# 
   100     0096                     ADCON3          equ	150	;# 
   101     0097                     ADSTAT          equ	151	;# 
   102     0098                     ADCLK           equ	152	;# 
   103     0099                     ADACT           equ	153	;# 
   104     009A                     ADREF           equ	154	;# 
   105     009B                     ADCAP           equ	155	;# 
   106     009C                     ADPRE           equ	156	;# 
   107     009D                     ADACQ           equ	157	;# 
   108     009E                     ADPCH           equ	158	;# 
   109     010C                     ADCNT           equ	268	;# 
   110     010D                     ADRPT           equ	269	;# 
   111     010E                     ADLTH           equ	270	;# 
   112     010E                     ADLTHL          equ	270	;# 
   113     010F                     ADLTHH          equ	271	;# 
   114     0110                     ADUTH           equ	272	;# 
   115     0110                     ADUTHL          equ	272	;# 
   116     0111                     ADUTHH          equ	273	;# 
   117     0112                     ADSTPT          equ	274	;# 
   118     0112                     ADSTPTL         equ	274	;# 
   119     0113                     ADSTPTH         equ	275	;# 
   120     0114                     ADFLTR          equ	276	;# 
   121     0114                     ADFLTRL         equ	276	;# 
   122     0115                     ADFLTRH         equ	277	;# 
   123     0116                     ADERR           equ	278	;# 
   124     0116                     ADERRL          equ	278	;# 
   125     0117                     ADERRH          equ	279	;# 
   126     0119                     RC1REG          equ	281	;# 
   127     0119                     RCREG           equ	281	;# 
   128     0119                     RCREG1          equ	281	;# 
   129     011A                     TX1REG          equ	282	;# 
   130     011A                     TXREG1          equ	282	;# 
   131     011A                     TXREG           equ	282	;# 
   132     011B                     SP1BRG          equ	283	;# 
   133     011B                     SP1BRGL         equ	283	;# 
   134     011B                     SPBRG           equ	283	;# 
   135     011B                     SPBRG1          equ	283	;# 
   136     011B                     SPBRGL          equ	283	;# 
   137     011C                     SP1BRGH         equ	284	;# 
   138     011C                     SPBRGH          equ	284	;# 
   139     011C                     SPBRGH1         equ	284	;# 
   140     011D                     RC1STA          equ	285	;# 
   141     011D                     RCSTA1          equ	285	;# 
   142     011D                     RCSTA           equ	285	;# 
   143     011E                     TX1STA          equ	286	;# 
   144     011E                     TXSTA1          equ	286	;# 
   145     011E                     TXSTA           equ	286	;# 
   146     011F                     BAUD1CON        equ	287	;# 
   147     011F                     BAUDCON1        equ	287	;# 
   148     011F                     BAUDCTL1        equ	287	;# 
   149     011F                     BAUDCON         equ	287	;# 
   150     011F                     BAUDCTL         equ	287	;# 
   151     018C                     SSP1BUF         equ	396	;# 
   152     018D                     SSP1ADD         equ	397	;# 
   153     018E                     SSP1MSK         equ	398	;# 
   154     018F                     SSP1STAT        equ	399	;# 
   155     0190                     SSP1CON1        equ	400	;# 
   156     0191                     SSP1CON2        equ	401	;# 
   157     0192                     SSP1CON3        equ	402	;# 
   158     0196                     SSP2BUF         equ	406	;# 
   159     0197                     SSP2ADD         equ	407	;# 
   160     0198                     SSP2MSK         equ	408	;# 
   161     0199                     SSP2STAT        equ	409	;# 
   162     019A                     SSP2CON1        equ	410	;# 
   163     019B                     SSP2CON2        equ	411	;# 
   164     019C                     SSP2CON3        equ	412	;# 
   165     020C                     TMR1            equ	524	;# 
   166     020C                     TMR1L           equ	524	;# 
   167     020D                     TMR1H           equ	525	;# 
   168     020E                     T1CON           equ	526	;# 
   169     020F                     T1GCON          equ	527	;# 
   170     020F                     PR1             equ	527	;# 
   171     0210                     T1GATE          equ	528	;# 
   172     0210                     TMR1GATE        equ	528	;# 
   173     0211                     T1CLK           equ	529	;# 
   174     0211                     TMR1CLK         equ	529	;# 
   175     0212                     TMR3            equ	530	;# 
   176     0212                     TMR3L           equ	530	;# 
   177     0213                     TMR3H           equ	531	;# 
   178     0214                     T3CON           equ	532	;# 
   179     0215                     T3GCON          equ	533	;# 
   180     0215                     PR3             equ	533	;# 
   181     0216                     T3GATE          equ	534	;# 
   182     0216                     TMR3GATE        equ	534	;# 
   183     0217                     T3CLK           equ	535	;# 
   184     0217                     TMR3CLK         equ	535	;# 
   185     0218                     TMR5            equ	536	;# 
   186     0218                     TMR5L           equ	536	;# 
   187     0219                     TMR5H           equ	537	;# 
   188     021A                     T5CON           equ	538	;# 
   189     021B                     T5GCON          equ	539	;# 
   190     021B                     PR5             equ	539	;# 
   191     021C                     T5GATE          equ	540	;# 
   192     021C                     TMR5GATE        equ	540	;# 
   193     021D                     T5CLK           equ	541	;# 
   194     021D                     TMR5CLK         equ	541	;# 
   195     021E                     CCPTMRS0        equ	542	;# 
   196     021F                     CCPTMRS1        equ	543	;# 
   197     028C                     T2TMR           equ	652	;# 
   198     028C                     TMR2            equ	652	;# 
   199     028D                     T2PR            equ	653	;# 
   200     028D                     PR2             equ	653	;# 
   201     028E                     T2CON           equ	654	;# 
   202     028F                     T2HLT           equ	655	;# 
   203     0290                     T2CLKCON        equ	656	;# 
   204     0290                     T2CLK           equ	656	;# 
   205     0291                     T2RST           equ	657	;# 
   206     0292                     T4TMR           equ	658	;# 
   207     0292                     TMR4            equ	658	;# 
   208     0293                     T4PR            equ	659	;# 
   209     0293                     PR4             equ	659	;# 
   210     0294                     T4CON           equ	660	;# 
   211     0295                     T4HLT           equ	661	;# 
   212     0296                     T4CLKCON        equ	662	;# 
   213     0296                     T4CLK           equ	662	;# 
   214     0297                     T4RST           equ	663	;# 
   215     0298                     T6TMR           equ	664	;# 
   216     0298                     TMR6            equ	664	;# 
   217     0299                     T6PR            equ	665	;# 
   218     0299                     PR6             equ	665	;# 
   219     029A                     T6CON           equ	666	;# 
   220     029B                     T6HLT           equ	667	;# 
   221     029C                     T6CLKCON        equ	668	;# 
   222     029C                     T6CLK           equ	668	;# 
   223     029D                     T6RST           equ	669	;# 
   224     030C                     CCPR1           equ	780	;# 
   225     030C                     CCPR1L          equ	780	;# 
   226     030D                     CCPR1H          equ	781	;# 
   227     030E                     CCP1CON         equ	782	;# 
   228     030F                     CCP1CAP         equ	783	;# 
   229     0310                     CCPR2           equ	784	;# 
   230     0310                     CCPR2L          equ	784	;# 
   231     0311                     CCPR2H          equ	785	;# 
   232     0312                     CCP2CON         equ	786	;# 
   233     0313                     CCP2CAP         equ	787	;# 
   234     0314                     CCPR3           equ	788	;# 
   235     0314                     CCPR3L          equ	788	;# 
   236     0315                     CCPR3H          equ	789	;# 
   237     0316                     CCP3CON         equ	790	;# 
   238     0317                     CCP3CAP         equ	791	;# 
   239     0318                     CCPR4           equ	792	;# 
   240     0318                     CCPR4L          equ	792	;# 
   241     0319                     CCPR4H          equ	793	;# 
   242     031A                     CCP4CON         equ	794	;# 
   243     031B                     CCP4CAP         equ	795	;# 
   244     031C                     CCPR5           equ	796	;# 
   245     031C                     CCPR5L          equ	796	;# 
   246     031D                     CCPR5H          equ	797	;# 
   247     031E                     CCP5CON         equ	798	;# 
   248     031F                     CCP5CAP         equ	799	;# 
   249     038C                     PWM6DC          equ	908	;# 
   250     038C                     PWM6DCL         equ	908	;# 
   251     038D                     PWM6DCH         equ	909	;# 
   252     038E                     PWM6CON         equ	910	;# 
   253     0390                     PWM7DC          equ	912	;# 
   254     0390                     PWM7DCL         equ	912	;# 
   255     0391                     PWM7DCH         equ	913	;# 
   256     0392                     PWM7CON         equ	914	;# 
   257     040C                     SCANLADRL       equ	1036	;# 
   258     040D                     SCANLADRH       equ	1037	;# 
   259     040E                     SCANHADRL       equ	1038	;# 
   260     040F                     SCANHADRH       equ	1039	;# 
   261     0410                     SCANCON0        equ	1040	;# 
   262     0411                     SCANTRIG        equ	1041	;# 
   263     0416                     CRCDATA         equ	1046	;# 
   264     0416                     CRCDATL         equ	1046	;# 
   265     0417                     CRCDATH         equ	1047	;# 
   266     0418                     CRCACC          equ	1048	;# 
   267     0418                     CRCACCL         equ	1048	;# 
   268     0419                     CRCACCH         equ	1049	;# 
   269     041A                     CRCSHFT         equ	1050	;# 
   270     041A                     CRCSHIFTL       equ	1050	;# 
   271     041B                     CRCSHIFTH       equ	1051	;# 
   272     041C                     CRCXOR          equ	1052	;# 
   273     041C                     CRCXORL         equ	1052	;# 
   274     041D                     CRCXORH         equ	1053	;# 
   275     041E                     CRCCON0         equ	1054	;# 
   276     041F                     CRCCON1         equ	1055	;# 
   277     048C                     SMT1TMR         equ	1164	;# 
   278     048C                     SMT1TMRL        equ	1164	;# 
   279     048D                     SMT1TMRH        equ	1165	;# 
   280     048E                     SMT1TMRU        equ	1166	;# 
   281     048F                     SMT1CPR         equ	1167	;# 
   282     048F                     SMT1CPRL        equ	1167	;# 
   283     0490                     SMT1CPRH        equ	1168	;# 
   284     0491                     SMT1CPRU        equ	1169	;# 
   285     0492                     SMT1CPW         equ	1170	;# 
   286     0492                     SMT1CPWL        equ	1170	;# 
   287     0493                     SMT1CPWH        equ	1171	;# 
   288     0494                     SMT1CPWU        equ	1172	;# 
   289     0495                     SMT1PR          equ	1173	;# 
   290     0495                     SMT1PRL         equ	1173	;# 
   291     0496                     SMT1PRH         equ	1174	;# 
   292     0497                     SMT1PRU         equ	1175	;# 
   293     0498                     SMT1CON0        equ	1176	;# 
   294     0499                     SMT1CON1        equ	1177	;# 
   295     049A                     SMT1STAT        equ	1178	;# 
   296     049B                     SMT1CLK         equ	1179	;# 
   297     049C                     SMT1SIG         equ	1180	;# 
   298     049D                     SMT1WIN         equ	1181	;# 
   299     050C                     SMT2TMR         equ	1292	;# 
   300     050C                     SMT2TMRL        equ	1292	;# 
   301     050D                     SMT2TMRH        equ	1293	;# 
   302     050E                     SMT2TMRU        equ	1294	;# 
   303     050F                     SMT2CPR         equ	1295	;# 
   304     050F                     SMT2CPRL        equ	1295	;# 
   305     0510                     SMT2CPRH        equ	1296	;# 
   306     0511                     SMT2CPRU        equ	1297	;# 
   307     0512                     SMT2CPW         equ	1298	;# 
   308     0512                     SMT2CPWL        equ	1298	;# 
   309     0513                     SMT2CPWH        equ	1299	;# 
   310     0514                     SMT2CPWU        equ	1300	;# 
   311     0515                     SMT2PR          equ	1301	;# 
   312     0515                     SMT2PRL         equ	1301	;# 
   313     0516                     SMT2PRH         equ	1302	;# 
   314     0517                     SMT2PRU         equ	1303	;# 
   315     0518                     SMT2CON0        equ	1304	;# 
   316     0519                     SMT2CON1        equ	1305	;# 
   317     051A                     SMT2STAT        equ	1306	;# 
   318     051B                     SMT2CLK         equ	1307	;# 
   319     051C                     SMT2SIG         equ	1308	;# 
   320     051D                     SMT2WIN         equ	1309	;# 
   321     058C                     NCO1ACC         equ	1420	;# 
   322     058C                     NCO1ACCL        equ	1420	;# 
   323     058D                     NCO1ACCH        equ	1421	;# 
   324     058E                     NCO1ACCU        equ	1422	;# 
   325     058F                     NCO1INC         equ	1423	;# 
   326     058F                     NCO1INCL        equ	1423	;# 
   327     0590                     NCO1INCH        equ	1424	;# 
   328     0591                     NCO1INCU        equ	1425	;# 
   329     0592                     NCO1CON         equ	1426	;# 
   330     0593                     NCO1CLK         equ	1427	;# 
   331     060C                     CWG1CLKCON      equ	1548	;# 
   332     060D                     CWG1ISM         equ	1549	;# 
   333     060E                     CWG1DBR         equ	1550	;# 
   334     060F                     CWG1DBF         equ	1551	;# 
   335     0610                     CWG1CON0        equ	1552	;# 
   336     0611                     CWG1CON1        equ	1553	;# 
   337     0612                     CWG1AS0         equ	1554	;# 
   338     0613                     CWG1AS1         equ	1555	;# 
   339     0614                     CWG1STR         equ	1556	;# 
   340     0616                     CWG2CLKCON      equ	1558	;# 
   341     0617                     CWG2ISM         equ	1559	;# 
   342     0618                     CWG2DBR         equ	1560	;# 
   343     0619                     CWG2DBF         equ	1561	;# 
   344     061A                     CWG2CON0        equ	1562	;# 
   345     061B                     CWG2CON1        equ	1563	;# 
   346     061C                     CWG2AS0         equ	1564	;# 
   347     061D                     CWG2AS1         equ	1565	;# 
   348     061E                     CWG2STR         equ	1566	;# 
   349     068C                     CWG3CLKCON      equ	1676	;# 
   350     068D                     CWG3ISM         equ	1677	;# 
   351     068E                     CWG3DBR         equ	1678	;# 
   352     068F                     CWG3DBF         equ	1679	;# 
   353     0690                     CWG3CON0        equ	1680	;# 
   354     0691                     CWG3CON1        equ	1681	;# 
   355     0692                     CWG3AS0         equ	1682	;# 
   356     0693                     CWG3AS1         equ	1683	;# 
   357     0694                     CWG3STR         equ	1684	;# 
   358     070C                     PIR0            equ	1804	;# 
   359     070D                     PIR1            equ	1805	;# 
   360     070E                     PIR2            equ	1806	;# 
   361     070F                     PIR3            equ	1807	;# 
   362     0710                     PIR4            equ	1808	;# 
   363     0711                     PIR5            equ	1809	;# 
   364     0712                     PIR6            equ	1810	;# 
   365     0713                     PIR7            equ	1811	;# 
   366     0714                     PIR8            equ	1812	;# 
   367     0716                     PIE0            equ	1814	;# 
   368     0717                     PIE1            equ	1815	;# 
   369     0718                     PIE2            equ	1816	;# 
   370     0719                     PIE3            equ	1817	;# 
   371     071A                     PIE4            equ	1818	;# 
   372     071B                     PIE5            equ	1819	;# 
   373     071C                     PIE6            equ	1820	;# 
   374     071D                     PIE7            equ	1821	;# 
   375     071E                     PIE8            equ	1822	;# 
   376     0796                     PMD0            equ	1942	;# 
   377     0797                     PMD1            equ	1943	;# 
   378     0798                     PMD2            equ	1944	;# 
   379     0799                     PMD3            equ	1945	;# 
   380     079A                     PMD4            equ	1946	;# 
   381     079B                     PMD5            equ	1947	;# 
   382     080C                     WDTCON0         equ	2060	;# 
   383     080D                     WDTCON1         equ	2061	;# 
   384     080E                     WDTPSL          equ	2062	;# 
   385     080F                     WDTPSH          equ	2063	;# 
   386     0810                     WDTTMR          equ	2064	;# 
   387     0811                     BORCON          equ	2065	;# 
   388     0812                     VREGCON         equ	2066	;# 
   389     0813                     PCON0           equ	2067	;# 
   390     0814                     CCDCON          equ	2068	;# 
   391     081A                     NVMADRL         equ	2074	;# 
   392     081B                     NVMADRH         equ	2075	;# 
   393     081C                     NVMDATL         equ	2076	;# 
   394     081D                     NVMDATH         equ	2077	;# 
   395     081E                     NVMCON1         equ	2078	;# 
   396     081F                     NVMCON2         equ	2079	;# 
   397     088C                     CPUDOZE         equ	2188	;# 
   398     088D                     OSCCON1         equ	2189	;# 
   399     088E                     OSCCON2         equ	2190	;# 
   400     088F                     OSCCON3         equ	2191	;# 
   401     0890                     OSCSTAT         equ	2192	;# 
   402     0891                     OSCEN           equ	2193	;# 
   403     0892                     OSCTUNE         equ	2194	;# 
   404     0893                     OSCFRQ          equ	2195	;# 
   405     0895                     CLKRCON         equ	2197	;# 
   406     0896                     CLKRCLK         equ	2198	;# 
   407     0897                     MDCON0          equ	2199	;# 
   408     0898                     MDCON1          equ	2200	;# 
   409     0899                     MDSRC           equ	2201	;# 
   410     089A                     MDCARL          equ	2202	;# 
   411     089B                     MDCARH          equ	2203	;# 
   412     090C                     FVRCON          equ	2316	;# 
   413     090E                     DAC1CON0        equ	2318	;# 
   414     090F                     DAC1CON1        equ	2319	;# 
   415     091F                     ZCD1CON         equ	2335	;# 
   416     091F                     ZCDCON          equ	2335	;# 
   417     098F                     CMOUT           equ	2447	;# 
   418     098F                     CMSTAT          equ	2447	;# 
   419     0990                     CM1CON0         equ	2448	;# 
   420     0991                     CM1CON1         equ	2449	;# 
   421     0992                     CM1NSEL         equ	2450	;# 
   422     0993                     CM1PSEL         equ	2451	;# 
   423     0994                     CM2CON0         equ	2452	;# 
   424     0995                     CM2CON1         equ	2453	;# 
   425     0996                     CM2NSEL         equ	2454	;# 
   426     0997                     CM2PSEL         equ	2455	;# 
   427     0E0F                     CLCDATA         equ	3599	;# 
   428     0E10                     CLC1CON         equ	3600	;# 
   429     0E11                     CLC1POL         equ	3601	;# 
   430     0E12                     CLC1SEL0        equ	3602	;# 
   431     0E13                     CLC1SEL1        equ	3603	;# 
   432     0E14                     CLC1SEL2        equ	3604	;# 
   433     0E15                     CLC1SEL3        equ	3605	;# 
   434     0E16                     CLC1GLS0        equ	3606	;# 
   435     0E17                     CLC1GLS1        equ	3607	;# 
   436     0E18                     CLC1GLS2        equ	3608	;# 
   437     0E19                     CLC1GLS3        equ	3609	;# 
   438     0E1A                     CLC2CON         equ	3610	;# 
   439     0E1B                     CLC2POL         equ	3611	;# 
   440     0E1C                     CLC2SEL0        equ	3612	;# 
   441     0E1D                     CLC2SEL1        equ	3613	;# 
   442     0E1E                     CLC2SEL2        equ	3614	;# 
   443     0E1F                     CLC2SEL3        equ	3615	;# 
   444     0E20                     CLC2GLS0        equ	3616	;# 
   445     0E21                     CLC2GLS1        equ	3617	;# 
   446     0E22                     CLC2GLS2        equ	3618	;# 
   447     0E23                     CLC2GLS3        equ	3619	;# 
   448     0E24                     CLC3CON         equ	3620	;# 
   449     0E25                     CLC3POL         equ	3621	;# 
   450     0E26                     CLC3SEL0        equ	3622	;# 
   451     0E27                     CLC3SEL1        equ	3623	;# 
   452     0E28                     CLC3SEL2        equ	3624	;# 
   453     0E29                     CLC3SEL3        equ	3625	;# 
   454     0E2A                     CLC3GLS0        equ	3626	;# 
   455     0E2B                     CLC3GLS1        equ	3627	;# 
   456     0E2C                     CLC3GLS2        equ	3628	;# 
   457     0E2D                     CLC3GLS3        equ	3629	;# 
   458     0E2E                     CLC4CON         equ	3630	;# 
   459     0E2F                     CLC4POL         equ	3631	;# 
   460     0E30                     CLC4SEL0        equ	3632	;# 
   461     0E31                     CLC4SEL1        equ	3633	;# 
   462     0E32                     CLC4SEL2        equ	3634	;# 
   463     0E33                     CLC4SEL3        equ	3635	;# 
   464     0E34                     CLC4GLS0        equ	3636	;# 
   465     0E35                     CLC4GLS1        equ	3637	;# 
   466     0E36                     CLC4GLS2        equ	3638	;# 
   467     0E37                     CLC4GLS3        equ	3639	;# 
   468     0E8F                     PPSLOCK         equ	3727	;# 
   469     0E90                     INTPPS          equ	3728	;# 
   470     0E91                     T0CKIPPS        equ	3729	;# 
   471     0E92                     T1CKIPPS        equ	3730	;# 
   472     0E93                     T1GPPS          equ	3731	;# 
   473     0E94                     T3CKIPPS        equ	3732	;# 
   474     0E95                     T3GPPS          equ	3733	;# 
   475     0E96                     T5CKIPPS        equ	3734	;# 
   476     0E97                     T5GPPS          equ	3735	;# 
   477     0E9C                     T2AINPPS        equ	3740	;# 
   478     0E9D                     T4AINPPS        equ	3741	;# 
   479     0E9E                     T6AINPPS        equ	3742	;# 
   480     0EA1                     CCP1PPS         equ	3745	;# 
   481     0EA2                     CCP2PPS         equ	3746	;# 
   482     0EA3                     CCP3PPS         equ	3747	;# 
   483     0EA4                     CCP4PPS         equ	3748	;# 
   484     0EA5                     CCP5PPS         equ	3749	;# 
   485     0EA9                     SMT1WINPPS      equ	3753	;# 
   486     0EAA                     SMT1SIGPPS      equ	3754	;# 
   487     0EAB                     SMT2WINPPS      equ	3755	;# 
   488     0EAC                     SMT2SIGPPS      equ	3756	;# 
   489     0EB1                     CWG1PPS         equ	3761	;# 
   490     0EB2                     CWG2PPS         equ	3762	;# 
   491     0EB3                     CWG3PPS         equ	3763	;# 
   492     0EB8                     MDCARLPPS       equ	3768	;# 
   493     0EB9                     MDCARHPPS       equ	3769	;# 
   494     0EBA                     MDSRCPPS        equ	3770	;# 
   495     0EBB                     CLCIN0PPS       equ	3771	;# 
   496     0EBC                     CLCIN1PPS       equ	3772	;# 
   497     0EBD                     CLCIN2PPS       equ	3773	;# 
   498     0EBE                     CLCIN3PPS       equ	3774	;# 
   499     0EC3                     ADCACTPPS       equ	3779	;# 
   500     0EC5                     SSP1CLKPPS      equ	3781	;# 
   501     0EC6                     SSP1DATPPS      equ	3782	;# 
   502     0EC7                     SSP1SSPPS       equ	3783	;# 
   503     0EC8                     SSP2CLKPPS      equ	3784	;# 
   504     0EC9                     SSP2DATPPS      equ	3785	;# 
   505     0ECA                     SSP2SSPPS       equ	3786	;# 
   506     0ECB                     RXPPS           equ	3787	;# 
   507     0ECC                     TXPPS           equ	3788	;# 
   508     0F10                     RA0PPS          equ	3856	;# 
   509     0F11                     RA1PPS          equ	3857	;# 
   510     0F12                     RA2PPS          equ	3858	;# 
   511     0F13                     RA3PPS          equ	3859	;# 
   512     0F14                     RA4PPS          equ	3860	;# 
   513     0F15                     RA5PPS          equ	3861	;# 
   514     0F16                     RA6PPS          equ	3862	;# 
   515     0F17                     RA7PPS          equ	3863	;# 
   516     0F18                     RB0PPS          equ	3864	;# 
   517     0F19                     RB1PPS          equ	3865	;# 
   518     0F1A                     RB2PPS          equ	3866	;# 
   519     0F1B                     RB3PPS          equ	3867	;# 
   520     0F1C                     RB4PPS          equ	3868	;# 
   521     0F1D                     RB5PPS          equ	3869	;# 
   522     0F1E                     RB6PPS          equ	3870	;# 
   523     0F1F                     RB7PPS          equ	3871	;# 
   524     0F20                     RC0PPS          equ	3872	;# 
   525     0F21                     RC1PPS          equ	3873	;# 
   526     0F22                     RC2PPS          equ	3874	;# 
   527     0F23                     RC3PPS          equ	3875	;# 
   528     0F24                     RC4PPS          equ	3876	;# 
   529     0F25                     RC5PPS          equ	3877	;# 
   530     0F26                     RC6PPS          equ	3878	;# 
   531     0F27                     RC7PPS          equ	3879	;# 
   532     0F38                     ANSELA          equ	3896	;# 
   533     0F39                     WPUA            equ	3897	;# 
   534     0F3A                     ODCONA          equ	3898	;# 
   535     0F3B                     SLRCONA         equ	3899	;# 
   536     0F3C                     INLVLA          equ	3900	;# 
   537     0F3D                     IOCAP           equ	3901	;# 
   538     0F3E                     IOCAN           equ	3902	;# 
   539     0F3F                     IOCAF           equ	3903	;# 
   540     0F40                     CCDNA           equ	3904	;# 
   541     0F41                     CCDPA           equ	3905	;# 
   542     0F43                     ANSELB          equ	3907	;# 
   543     0F44                     WPUB            equ	3908	;# 
   544     0F45                     ODCONB          equ	3909	;# 
   545     0F46                     SLRCONB         equ	3910	;# 
   546     0F47                     INLVLB          equ	3911	;# 
   547     0F48                     IOCBP           equ	3912	;# 
   548     0F49                     IOCBN           equ	3913	;# 
   549     0F4A                     IOCBF           equ	3914	;# 
   550     0F4B                     CCDNB           equ	3915	;# 
   551     0F4C                     CCDPB           equ	3916	;# 
   552     0F4E                     ANSELC          equ	3918	;# 
   553     0F4F                     WPUC            equ	3919	;# 
   554     0F50                     ODCONC          equ	3920	;# 
   555     0F51                     SLRCONC         equ	3921	;# 
   556     0F52                     INLVLC          equ	3922	;# 
   557     0F53                     IOCCP           equ	3923	;# 
   558     0F54                     IOCCN           equ	3924	;# 
   559     0F55                     IOCCF           equ	3925	;# 
   560     0F56                     CCDNC           equ	3926	;# 
   561     0F57                     CCDPC           equ	3927	;# 
   562     0F65                     WPUE            equ	3941	;# 
   563     0F68                     INLVLE          equ	3944	;# 
   564     0F69                     IOCEP           equ	3945	;# 
   565     0F6A                     IOCEN           equ	3946	;# 
   566     0F6B                     IOCEF           equ	3947	;# 
   567     0FE4                     STATUS_SHAD     equ	4068	;# 
   568     0FE5                     WREG_SHAD       equ	4069	;# 
   569     0FE6                     BSR_SHAD        equ	4070	;# 
   570     0FE7                     PCLATH_SHAD     equ	4071	;# 
   571     0FE8                     FSR0L_SHAD      equ	4072	;# 
   572     0FE9                     FSR0H_SHAD      equ	4073	;# 
   573     0FEA                     FSR1L_SHAD      equ	4074	;# 
   574     0FEB                     FSR1H_SHAD      equ	4075	;# 
   575     0FED                     STKPTR          equ	4077	;# 
   576     0FEE                     TOSL            equ	4078	;# 
   577     0FEF                     TOSH            equ	4079	;# 
   578     0000                     INDF0           equ	0	;# 
   579     0001                     INDF1           equ	1	;# 
   580     0002                     PCL             equ	2	;# 
   581     0003                     STATUS          equ	3	;# 
   582     0004                     FSR0L           equ	4	;# 
   583     0005                     FSR0H           equ	5	;# 
   584     0006                     FSR1L           equ	6	;# 
   585     0007                     FSR1H           equ	7	;# 
   586     0008                     BSR             equ	8	;# 
   587     0009                     WREG            equ	9	;# 
   588     000A                     PCLATH          equ	10	;# 
   589     000B                     INTCON          equ	11	;# 
   590     000C                     PORTA           equ	12	;# 
   591     000D                     PORTB           equ	13	;# 
   592     000E                     PORTC           equ	14	;# 
   593     0010                     PORTE           equ	16	;# 
   594     0011                     TRISA           equ	17	;# 
   595     0012                     TRISB           equ	18	;# 
   596     0013                     TRISC           equ	19	;# 
   597     0016                     LATA            equ	22	;# 
   598     0017                     LATB            equ	23	;# 
   599     0018                     LATC            equ	24	;# 
   600     001C                     TMR0L           equ	28	;# 
   601     001C                     TMR0            equ	28	;# 
   602     001D                     TMR0H           equ	29	;# 
   603     001D                     PR0             equ	29	;# 
   604     001E                     T0CON0          equ	30	;# 
   605     001F                     T0CON1          equ	31	;# 
   606     008C                     ADRES           equ	140	;# 
   607     008C                     ADRESL          equ	140	;# 
   608     008D                     ADRESH          equ	141	;# 
   609     008E                     ADPREV          equ	142	;# 
   610     008E                     ADPREVL         equ	142	;# 
   611     008F                     ADPREVH         equ	143	;# 
   612     0090                     ADACC           equ	144	;# 
   613     0090                     ADACCL          equ	144	;# 
   614     0091                     ADACCH          equ	145	;# 
   615     0093                     ADCON0          equ	147	;# 
   616     0094                     ADCON1          equ	148	;# 
   617     0095                     ADCON2          equ	149	;# 
   618     0096                     ADCON3          equ	150	;# 
   619     0097                     ADSTAT          equ	151	;# 
   620     0098                     ADCLK           equ	152	;# 
   621     0099                     ADACT           equ	153	;# 
   622     009A                     ADREF           equ	154	;# 
   623     009B                     ADCAP           equ	155	;# 
   624     009C                     ADPRE           equ	156	;# 
   625     009D                     ADACQ           equ	157	;# 
   626     009E                     ADPCH           equ	158	;# 
   627     010C                     ADCNT           equ	268	;# 
   628     010D                     ADRPT           equ	269	;# 
   629     010E                     ADLTH           equ	270	;# 
   630     010E                     ADLTHL          equ	270	;# 
   631     010F                     ADLTHH          equ	271	;# 
   632     0110                     ADUTH           equ	272	;# 
   633     0110                     ADUTHL          equ	272	;# 
   634     0111                     ADUTHH          equ	273	;# 
   635     0112                     ADSTPT          equ	274	;# 
   636     0112                     ADSTPTL         equ	274	;# 
   637     0113                     ADSTPTH         equ	275	;# 
   638     0114                     ADFLTR          equ	276	;# 
   639     0114                     ADFLTRL         equ	276	;# 
   640     0115                     ADFLTRH         equ	277	;# 
   641     0116                     ADERR           equ	278	;# 
   642     0116                     ADERRL          equ	278	;# 
   643     0117                     ADERRH          equ	279	;# 
   644     0119                     RC1REG          equ	281	;# 
   645     0119                     RCREG           equ	281	;# 
   646     0119                     RCREG1          equ	281	;# 
   647     011A                     TX1REG          equ	282	;# 
   648     011A                     TXREG1          equ	282	;# 
   649     011A                     TXREG           equ	282	;# 
   650     011B                     SP1BRG          equ	283	;# 
   651     011B                     SP1BRGL         equ	283	;# 
   652     011B                     SPBRG           equ	283	;# 
   653     011B                     SPBRG1          equ	283	;# 
   654     011B                     SPBRGL          equ	283	;# 
   655     011C                     SP1BRGH         equ	284	;# 
   656     011C                     SPBRGH          equ	284	;# 
   657     011C                     SPBRGH1         equ	284	;# 
   658     011D                     RC1STA          equ	285	;# 
   659     011D                     RCSTA1          equ	285	;# 
   660     011D                     RCSTA           equ	285	;# 
   661     011E                     TX1STA          equ	286	;# 
   662     011E                     TXSTA1          equ	286	;# 
   663     011E                     TXSTA           equ	286	;# 
   664     011F                     BAUD1CON        equ	287	;# 
   665     011F                     BAUDCON1        equ	287	;# 
   666     011F                     BAUDCTL1        equ	287	;# 
   667     011F                     BAUDCON         equ	287	;# 
   668     011F                     BAUDCTL         equ	287	;# 
   669     018C                     SSP1BUF         equ	396	;# 
   670     018D                     SSP1ADD         equ	397	;# 
   671     018E                     SSP1MSK         equ	398	;# 
   672     018F                     SSP1STAT        equ	399	;# 
   673     0190                     SSP1CON1        equ	400	;# 
   674     0191                     SSP1CON2        equ	401	;# 
   675     0192                     SSP1CON3        equ	402	;# 
   676     0196                     SSP2BUF         equ	406	;# 
   677     0197                     SSP2ADD         equ	407	;# 
   678     0198                     SSP2MSK         equ	408	;# 
   679     0199                     SSP2STAT        equ	409	;# 
   680     019A                     SSP2CON1        equ	410	;# 
   681     019B                     SSP2CON2        equ	411	;# 
   682     019C                     SSP2CON3        equ	412	;# 
   683     020C                     TMR1            equ	524	;# 
   684     020C                     TMR1L           equ	524	;# 
   685     020D                     TMR1H           equ	525	;# 
   686     020E                     T1CON           equ	526	;# 
   687     020F                     T1GCON          equ	527	;# 
   688     020F                     PR1             equ	527	;# 
   689     0210                     T1GATE          equ	528	;# 
   690     0210                     TMR1GATE        equ	528	;# 
   691     0211                     T1CLK           equ	529	;# 
   692     0211                     TMR1CLK         equ	529	;# 
   693     0212                     TMR3            equ	530	;# 
   694     0212                     TMR3L           equ	530	;# 
   695     0213                     TMR3H           equ	531	;# 
   696     0214                     T3CON           equ	532	;# 
   697     0215                     T3GCON          equ	533	;# 
   698     0215                     PR3             equ	533	;# 
   699     0216                     T3GATE          equ	534	;# 
   700     0216                     TMR3GATE        equ	534	;# 
   701     0217                     T3CLK           equ	535	;# 
   702     0217                     TMR3CLK         equ	535	;# 
   703     0218                     TMR5            equ	536	;# 
   704     0218                     TMR5L           equ	536	;# 
   705     0219                     TMR5H           equ	537	;# 
   706     021A                     T5CON           equ	538	;# 
   707     021B                     T5GCON          equ	539	;# 
   708     021B                     PR5             equ	539	;# 
   709     021C                     T5GATE          equ	540	;# 
   710     021C                     TMR5GATE        equ	540	;# 
   711     021D                     T5CLK           equ	541	;# 
   712     021D                     TMR5CLK         equ	541	;# 
   713     021E                     CCPTMRS0        equ	542	;# 
   714     021F                     CCPTMRS1        equ	543	;# 
   715     028C                     T2TMR           equ	652	;# 
   716     028C                     TMR2            equ	652	;# 
   717     028D                     T2PR            equ	653	;# 
   718     028D                     PR2             equ	653	;# 
   719     028E                     T2CON           equ	654	;# 
   720     028F                     T2HLT           equ	655	;# 
   721     0290                     T2CLKCON        equ	656	;# 
   722     0290                     T2CLK           equ	656	;# 
   723     0291                     T2RST           equ	657	;# 
   724     0292                     T4TMR           equ	658	;# 
   725     0292                     TMR4            equ	658	;# 
   726     0293                     T4PR            equ	659	;# 
   727     0293                     PR4             equ	659	;# 
   728     0294                     T4CON           equ	660	;# 
   729     0295                     T4HLT           equ	661	;# 
   730     0296                     T4CLKCON        equ	662	;# 
   731     0296                     T4CLK           equ	662	;# 
   732     0297                     T4RST           equ	663	;# 
   733     0298                     T6TMR           equ	664	;# 
   734     0298                     TMR6            equ	664	;# 
   735     0299                     T6PR            equ	665	;# 
   736     0299                     PR6             equ	665	;# 
   737     029A                     T6CON           equ	666	;# 
   738     029B                     T6HLT           equ	667	;# 
   739     029C                     T6CLKCON        equ	668	;# 
   740     029C                     T6CLK           equ	668	;# 
   741     029D                     T6RST           equ	669	;# 
   742     030C                     CCPR1           equ	780	;# 
   743     030C                     CCPR1L          equ	780	;# 
   744     030D                     CCPR1H          equ	781	;# 
   745     030E                     CCP1CON         equ	782	;# 
   746     030F                     CCP1CAP         equ	783	;# 
   747     0310                     CCPR2           equ	784	;# 
   748     0310                     CCPR2L          equ	784	;# 
   749     0311                     CCPR2H          equ	785	;# 
   750     0312                     CCP2CON         equ	786	;# 
   751     0313                     CCP2CAP         equ	787	;# 
   752     0314                     CCPR3           equ	788	;# 
   753     0314                     CCPR3L          equ	788	;# 
   754     0315                     CCPR3H          equ	789	;# 
   755     0316                     CCP3CON         equ	790	;# 
   756     0317                     CCP3CAP         equ	791	;# 
   757     0318                     CCPR4           equ	792	;# 
   758     0318                     CCPR4L          equ	792	;# 
   759     0319                     CCPR4H          equ	793	;# 
   760     031A                     CCP4CON         equ	794	;# 
   761     031B                     CCP4CAP         equ	795	;# 
   762     031C                     CCPR5           equ	796	;# 
   763     031C                     CCPR5L          equ	796	;# 
   764     031D                     CCPR5H          equ	797	;# 
   765     031E                     CCP5CON         equ	798	;# 
   766     031F                     CCP5CAP         equ	799	;# 
   767     038C                     PWM6DC          equ	908	;# 
   768     038C                     PWM6DCL         equ	908	;# 
   769     038D                     PWM6DCH         equ	909	;# 
   770     038E                     PWM6CON         equ	910	;# 
   771     0390                     PWM7DC          equ	912	;# 
   772     0390                     PWM7DCL         equ	912	;# 
   773     0391                     PWM7DCH         equ	913	;# 
   774     0392                     PWM7CON         equ	914	;# 
   775     040C                     SCANLADRL       equ	1036	;# 
   776     040D                     SCANLADRH       equ	1037	;# 
   777     040E                     SCANHADRL       equ	1038	;# 
   778     040F                     SCANHADRH       equ	1039	;# 
   779     0410                     SCANCON0        equ	1040	;# 
   780     0411                     SCANTRIG        equ	1041	;# 
   781     0416                     CRCDATA         equ	1046	;# 
   782     0416                     CRCDATL         equ	1046	;# 
   783     0417                     CRCDATH         equ	1047	;# 
   784     0418                     CRCACC          equ	1048	;# 
   785     0418                     CRCACCL         equ	1048	;# 
   786     0419                     CRCACCH         equ	1049	;# 
   787     041A                     CRCSHFT         equ	1050	;# 
   788     041A                     CRCSHIFTL       equ	1050	;# 
   789     041B                     CRCSHIFTH       equ	1051	;# 
   790     041C                     CRCXOR          equ	1052	;# 
   791     041C                     CRCXORL         equ	1052	;# 
   792     041D                     CRCXORH         equ	1053	;# 
   793     041E                     CRCCON0         equ	1054	;# 
   794     041F                     CRCCON1         equ	1055	;# 
   795     048C                     SMT1TMR         equ	1164	;# 
   796     048C                     SMT1TMRL        equ	1164	;# 
   797     048D                     SMT1TMRH        equ	1165	;# 
   798     048E                     SMT1TMRU        equ	1166	;# 
   799     048F                     SMT1CPR         equ	1167	;# 
   800     048F                     SMT1CPRL        equ	1167	;# 
   801     0490                     SMT1CPRH        equ	1168	;# 
   802     0491                     SMT1CPRU        equ	1169	;# 
   803     0492                     SMT1CPW         equ	1170	;# 
   804     0492                     SMT1CPWL        equ	1170	;# 
   805     0493                     SMT1CPWH        equ	1171	;# 
   806     0494                     SMT1CPWU        equ	1172	;# 
   807     0495                     SMT1PR          equ	1173	;# 
   808     0495                     SMT1PRL         equ	1173	;# 
   809     0496                     SMT1PRH         equ	1174	;# 
   810     0497                     SMT1PRU         equ	1175	;# 
   811     0498                     SMT1CON0        equ	1176	;# 
   812     0499                     SMT1CON1        equ	1177	;# 
   813     049A                     SMT1STAT        equ	1178	;# 
   814     049B                     SMT1CLK         equ	1179	;# 
   815     049C                     SMT1SIG         equ	1180	;# 
   816     049D                     SMT1WIN         equ	1181	;# 
   817     050C                     SMT2TMR         equ	1292	;# 
   818     050C                     SMT2TMRL        equ	1292	;# 
   819     050D                     SMT2TMRH        equ	1293	;# 
   820     050E                     SMT2TMRU        equ	1294	;# 
   821     050F                     SMT2CPR         equ	1295	;# 
   822     050F                     SMT2CPRL        equ	1295	;# 
   823     0510                     SMT2CPRH        equ	1296	;# 
   824     0511                     SMT2CPRU        equ	1297	;# 
   825     0512                     SMT2CPW         equ	1298	;# 
   826     0512                     SMT2CPWL        equ	1298	;# 
   827     0513                     SMT2CPWH        equ	1299	;# 
   828     0514                     SMT2CPWU        equ	1300	;# 
   829     0515                     SMT2PR          equ	1301	;# 
   830     0515                     SMT2PRL         equ	1301	;# 
   831     0516                     SMT2PRH         equ	1302	;# 
   832     0517                     SMT2PRU         equ	1303	;# 
   833     0518                     SMT2CON0        equ	1304	;# 
   834     0519                     SMT2CON1        equ	1305	;# 
   835     051A                     SMT2STAT        equ	1306	;# 
   836     051B                     SMT2CLK         equ	1307	;# 
   837     051C                     SMT2SIG         equ	1308	;# 
   838     051D                     SMT2WIN         equ	1309	;# 
   839     058C                     NCO1ACC         equ	1420	;# 
   840     058C                     NCO1ACCL        equ	1420	;# 
   841     058D                     NCO1ACCH        equ	1421	;# 
   842     058E                     NCO1ACCU        equ	1422	;# 
   843     058F                     NCO1INC         equ	1423	;# 
   844     058F                     NCO1INCL        equ	1423	;# 
   845     0590                     NCO1INCH        equ	1424	;# 
   846     0591                     NCO1INCU        equ	1425	;# 
   847     0592                     NCO1CON         equ	1426	;# 
   848     0593                     NCO1CLK         equ	1427	;# 
   849     060C                     CWG1CLKCON      equ	1548	;# 
   850     060D                     CWG1ISM         equ	1549	;# 
   851     060E                     CWG1DBR         equ	1550	;# 
   852     060F                     CWG1DBF         equ	1551	;# 
   853     0610                     CWG1CON0        equ	1552	;# 
   854     0611                     CWG1CON1        equ	1553	;# 
   855     0612                     CWG1AS0         equ	1554	;# 
   856     0613                     CWG1AS1         equ	1555	;# 
   857     0614                     CWG1STR         equ	1556	;# 
   858     0616                     CWG2CLKCON      equ	1558	;# 
   859     0617                     CWG2ISM         equ	1559	;# 
   860     0618                     CWG2DBR         equ	1560	;# 
   861     0619                     CWG2DBF         equ	1561	;# 
   862     061A                     CWG2CON0        equ	1562	;# 
   863     061B                     CWG2CON1        equ	1563	;# 
   864     061C                     CWG2AS0         equ	1564	;# 
   865     061D                     CWG2AS1         equ	1565	;# 
   866     061E                     CWG2STR         equ	1566	;# 
   867     068C                     CWG3CLKCON      equ	1676	;# 
   868     068D                     CWG3ISM         equ	1677	;# 
   869     068E                     CWG3DBR         equ	1678	;# 
   870     068F                     CWG3DBF         equ	1679	;# 
   871     0690                     CWG3CON0        equ	1680	;# 
   872     0691                     CWG3CON1        equ	1681	;# 
   873     0692                     CWG3AS0         equ	1682	;# 
   874     0693                     CWG3AS1         equ	1683	;# 
   875     0694                     CWG3STR         equ	1684	;# 
   876     070C                     PIR0            equ	1804	;# 
   877     070D                     PIR1            equ	1805	;# 
   878     070E                     PIR2            equ	1806	;# 
   879     070F                     PIR3            equ	1807	;# 
   880     0710                     PIR4            equ	1808	;# 
   881     0711                     PIR5            equ	1809	;# 
   882     0712                     PIR6            equ	1810	;# 
   883     0713                     PIR7            equ	1811	;# 
   884     0714                     PIR8            equ	1812	;# 
   885     0716                     PIE0            equ	1814	;# 
   886     0717                     PIE1            equ	1815	;# 
   887     0718                     PIE2            equ	1816	;# 
   888     0719                     PIE3            equ	1817	;# 
   889     071A                     PIE4            equ	1818	;# 
   890     071B                     PIE5            equ	1819	;# 
   891     071C                     PIE6            equ	1820	;# 
   892     071D                     PIE7            equ	1821	;# 
   893     071E                     PIE8            equ	1822	;# 
   894     0796                     PMD0            equ	1942	;# 
   895     0797                     PMD1            equ	1943	;# 
   896     0798                     PMD2            equ	1944	;# 
   897     0799                     PMD3            equ	1945	;# 
   898     079A                     PMD4            equ	1946	;# 
   899     079B                     PMD5            equ	1947	;# 
   900     080C                     WDTCON0         equ	2060	;# 
   901     080D                     WDTCON1         equ	2061	;# 
   902     080E                     WDTPSL          equ	2062	;# 
   903     080F                     WDTPSH          equ	2063	;# 
   904     0810                     WDTTMR          equ	2064	;# 
   905     0811                     BORCON          equ	2065	;# 
   906     0812                     VREGCON         equ	2066	;# 
   907     0813                     PCON0           equ	2067	;# 
   908     0814                     CCDCON          equ	2068	;# 
   909     081A                     NVMADRL         equ	2074	;# 
   910     081B                     NVMADRH         equ	2075	;# 
   911     081C                     NVMDATL         equ	2076	;# 
   912     081D                     NVMDATH         equ	2077	;# 
   913     081E                     NVMCON1         equ	2078	;# 
   914     081F                     NVMCON2         equ	2079	;# 
   915     088C                     CPUDOZE         equ	2188	;# 
   916     088D                     OSCCON1         equ	2189	;# 
   917     088E                     OSCCON2         equ	2190	;# 
   918     088F                     OSCCON3         equ	2191	;# 
   919     0890                     OSCSTAT         equ	2192	;# 
   920     0891                     OSCEN           equ	2193	;# 
   921     0892                     OSCTUNE         equ	2194	;# 
   922     0893                     OSCFRQ          equ	2195	;# 
   923     0895                     CLKRCON         equ	2197	;# 
   924     0896                     CLKRCLK         equ	2198	;# 
   925     0897                     MDCON0          equ	2199	;# 
   926     0898                     MDCON1          equ	2200	;# 
   927     0899                     MDSRC           equ	2201	;# 
   928     089A                     MDCARL          equ	2202	;# 
   929     089B                     MDCARH          equ	2203	;# 
   930     090C                     FVRCON          equ	2316	;# 
   931     090E                     DAC1CON0        equ	2318	;# 
   932     090F                     DAC1CON1        equ	2319	;# 
   933     091F                     ZCD1CON         equ	2335	;# 
   934     091F                     ZCDCON          equ	2335	;# 
   935     098F                     CMOUT           equ	2447	;# 
   936     098F                     CMSTAT          equ	2447	;# 
   937     0990                     CM1CON0         equ	2448	;# 
   938     0991                     CM1CON1         equ	2449	;# 
   939     0992                     CM1NSEL         equ	2450	;# 
   940     0993                     CM1PSEL         equ	2451	;# 
   941     0994                     CM2CON0         equ	2452	;# 
   942     0995                     CM2CON1         equ	2453	;# 
   943     0996                     CM2NSEL         equ	2454	;# 
   944     0997                     CM2PSEL         equ	2455	;# 
   945     0E0F                     CLCDATA         equ	3599	;# 
   946     0E10                     CLC1CON         equ	3600	;# 
   947     0E11                     CLC1POL         equ	3601	;# 
   948     0E12                     CLC1SEL0        equ	3602	;# 
   949     0E13                     CLC1SEL1        equ	3603	;# 
   950     0E14                     CLC1SEL2        equ	3604	;# 
   951     0E15                     CLC1SEL3        equ	3605	;# 
   952     0E16                     CLC1GLS0        equ	3606	;# 
   953     0E17                     CLC1GLS1        equ	3607	;# 
   954     0E18                     CLC1GLS2        equ	3608	;# 
   955     0E19                     CLC1GLS3        equ	3609	;# 
   956     0E1A                     CLC2CON         equ	3610	;# 
   957     0E1B                     CLC2POL         equ	3611	;# 
   958     0E1C                     CLC2SEL0        equ	3612	;# 
   959     0E1D                     CLC2SEL1        equ	3613	;# 
   960     0E1E                     CLC2SEL2        equ	3614	;# 
   961     0E1F                     CLC2SEL3        equ	3615	;# 
   962     0E20                     CLC2GLS0        equ	3616	;# 
   963     0E21                     CLC2GLS1        equ	3617	;# 
   964     0E22                     CLC2GLS2        equ	3618	;# 
   965     0E23                     CLC2GLS3        equ	3619	;# 
   966     0E24                     CLC3CON         equ	3620	;# 
   967     0E25                     CLC3POL         equ	3621	;# 
   968     0E26                     CLC3SEL0        equ	3622	;# 
   969     0E27                     CLC3SEL1        equ	3623	;# 
   970     0E28                     CLC3SEL2        equ	3624	;# 
   971     0E29                     CLC3SEL3        equ	3625	;# 
   972     0E2A                     CLC3GLS0        equ	3626	;# 
   973     0E2B                     CLC3GLS1        equ	3627	;# 
   974     0E2C                     CLC3GLS2        equ	3628	;# 
   975     0E2D                     CLC3GLS3        equ	3629	;# 
   976     0E2E                     CLC4CON         equ	3630	;# 
   977     0E2F                     CLC4POL         equ	3631	;# 
   978     0E30                     CLC4SEL0        equ	3632	;# 
   979     0E31                     CLC4SEL1        equ	3633	;# 
   980     0E32                     CLC4SEL2        equ	3634	;# 
   981     0E33                     CLC4SEL3        equ	3635	;# 
   982     0E34                     CLC4GLS0        equ	3636	;# 
   983     0E35                     CLC4GLS1        equ	3637	;# 
   984     0E36                     CLC4GLS2        equ	3638	;# 
   985     0E37                     CLC4GLS3        equ	3639	;# 
   986     0E8F                     PPSLOCK         equ	3727	;# 
   987     0E90                     INTPPS          equ	3728	;# 
   988     0E91                     T0CKIPPS        equ	3729	;# 
   989     0E92                     T1CKIPPS        equ	3730	;# 
   990     0E93                     T1GPPS          equ	3731	;# 
   991     0E94                     T3CKIPPS        equ	3732	;# 
   992     0E95                     T3GPPS          equ	3733	;# 
   993     0E96                     T5CKIPPS        equ	3734	;# 
   994     0E97                     T5GPPS          equ	3735	;# 
   995     0E9C                     T2AINPPS        equ	3740	;# 
   996     0E9D                     T4AINPPS        equ	3741	;# 
   997     0E9E                     T6AINPPS        equ	3742	;# 
   998     0EA1                     CCP1PPS         equ	3745	;# 
   999     0EA2                     CCP2PPS         equ	3746	;# 
  1000     0EA3                     CCP3PPS         equ	3747	;# 
  1001     0EA4                     CCP4PPS         equ	3748	;# 
  1002     0EA5                     CCP5PPS         equ	3749	;# 
  1003     0EA9                     SMT1WINPPS      equ	3753	;# 
  1004     0EAA                     SMT1SIGPPS      equ	3754	;# 
  1005     0EAB                     SMT2WINPPS      equ	3755	;# 
  1006     0EAC                     SMT2SIGPPS      equ	3756	;# 
  1007     0EB1                     CWG1PPS         equ	3761	;# 
  1008     0EB2                     CWG2PPS         equ	3762	;# 
  1009     0EB3                     CWG3PPS         equ	3763	;# 
  1010     0EB8                     MDCARLPPS       equ	3768	;# 
  1011     0EB9                     MDCARHPPS       equ	3769	;# 
  1012     0EBA                     MDSRCPPS        equ	3770	;# 
  1013     0EBB                     CLCIN0PPS       equ	3771	;# 
  1014     0EBC                     CLCIN1PPS       equ	3772	;# 
  1015     0EBD                     CLCIN2PPS       equ	3773	;# 
  1016     0EBE                     CLCIN3PPS       equ	3774	;# 
  1017     0EC3                     ADCACTPPS       equ	3779	;# 
  1018     0EC5                     SSP1CLKPPS      equ	3781	;# 
  1019     0EC6                     SSP1DATPPS      equ	3782	;# 
  1020     0EC7                     SSP1SSPPS       equ	3783	;# 
  1021     0EC8                     SSP2CLKPPS      equ	3784	;# 
  1022     0EC9                     SSP2DATPPS      equ	3785	;# 
  1023     0ECA                     SSP2SSPPS       equ	3786	;# 
  1024     0ECB                     RXPPS           equ	3787	;# 
  1025     0ECC                     TXPPS           equ	3788	;# 
  1026     0F10                     RA0PPS          equ	3856	;# 
  1027     0F11                     RA1PPS          equ	3857	;# 
  1028     0F12                     RA2PPS          equ	3858	;# 
  1029     0F13                     RA3PPS          equ	3859	;# 
  1030     0F14                     RA4PPS          equ	3860	;# 
  1031     0F15                     RA5PPS          equ	3861	;# 
  1032     0F16                     RA6PPS          equ	3862	;# 
  1033     0F17                     RA7PPS          equ	3863	;# 
  1034     0F18                     RB0PPS          equ	3864	;# 
  1035     0F19                     RB1PPS          equ	3865	;# 
  1036     0F1A                     RB2PPS          equ	3866	;# 
  1037     0F1B                     RB3PPS          equ	3867	;# 
  1038     0F1C                     RB4PPS          equ	3868	;# 
  1039     0F1D                     RB5PPS          equ	3869	;# 
  1040     0F1E                     RB6PPS          equ	3870	;# 
  1041     0F1F                     RB7PPS          equ	3871	;# 
  1042     0F20                     RC0PPS          equ	3872	;# 
  1043     0F21                     RC1PPS          equ	3873	;# 
  1044     0F22                     RC2PPS          equ	3874	;# 
  1045     0F23                     RC3PPS          equ	3875	;# 
  1046     0F24                     RC4PPS          equ	3876	;# 
  1047     0F25                     RC5PPS          equ	3877	;# 
  1048     0F26                     RC6PPS          equ	3878	;# 
  1049     0F27                     RC7PPS          equ	3879	;# 
  1050     0F38                     ANSELA          equ	3896	;# 
  1051     0F39                     WPUA            equ	3897	;# 
  1052     0F3A                     ODCONA          equ	3898	;# 
  1053     0F3B                     SLRCONA         equ	3899	;# 
  1054     0F3C                     INLVLA          equ	3900	;# 
  1055     0F3D                     IOCAP           equ	3901	;# 
  1056     0F3E                     IOCAN           equ	3902	;# 
  1057     0F3F                     IOCAF           equ	3903	;# 
  1058     0F40                     CCDNA           equ	3904	;# 
  1059     0F41                     CCDPA           equ	3905	;# 
  1060     0F43                     ANSELB          equ	3907	;# 
  1061     0F44                     WPUB            equ	3908	;# 
  1062     0F45                     ODCONB          equ	3909	;# 
  1063     0F46                     SLRCONB         equ	3910	;# 
  1064     0F47                     INLVLB          equ	3911	;# 
  1065     0F48                     IOCBP           equ	3912	;# 
  1066     0F49                     IOCBN           equ	3913	;# 
  1067     0F4A                     IOCBF           equ	3914	;# 
  1068     0F4B                     CCDNB           equ	3915	;# 
  1069     0F4C                     CCDPB           equ	3916	;# 
  1070     0F4E                     ANSELC          equ	3918	;# 
  1071     0F4F                     WPUC            equ	3919	;# 
  1072     0F50                     ODCONC          equ	3920	;# 
  1073     0F51                     SLRCONC         equ	3921	;# 
  1074     0F52                     INLVLC          equ	3922	;# 
  1075     0F53                     IOCCP           equ	3923	;# 
  1076     0F54                     IOCCN           equ	3924	;# 
  1077     0F55                     IOCCF           equ	3925	;# 
  1078     0F56                     CCDNC           equ	3926	;# 
  1079     0F57                     CCDPC           equ	3927	;# 
  1080     0F65                     WPUE            equ	3941	;# 
  1081     0F68                     INLVLE          equ	3944	;# 
  1082     0F69                     IOCEP           equ	3945	;# 
  1083     0F6A                     IOCEN           equ	3946	;# 
  1084     0F6B                     IOCEF           equ	3947	;# 
  1085     0FE4                     STATUS_SHAD     equ	4068	;# 
  1086     0FE5                     WREG_SHAD       equ	4069	;# 
  1087     0FE6                     BSR_SHAD        equ	4070	;# 
  1088     0FE7                     PCLATH_SHAD     equ	4071	;# 
  1089     0FE8                     FSR0L_SHAD      equ	4072	;# 
  1090     0FE9                     FSR0H_SHAD      equ	4073	;# 
  1091     0FEA                     FSR1L_SHAD      equ	4074	;# 
  1092     0FEB                     FSR1H_SHAD      equ	4075	;# 
  1093     0FED                     STKPTR          equ	4077	;# 
  1094     0FEE                     TOSL            equ	4078	;# 
  1095     0FEF                     TOSH            equ	4079	;# 
  1096     000B                     _INTCONbits     set	11
  1097     011D                     _RC1STAbits     set	285
  1098     011B                     _SP1BRGL        set	283
  1099     011C                     _SP1BRGH        set	284
  1100     011E                     _TX1STAbits     set	286
  1101     011F                     _BAUD1CONbits   set	287
  1102     0119                     _RC1REG         set	281
  1103     011A                     _TX1REG         set	282
  1104     0719                     _PIE3bits       set	1817
  1105     070F                     _PIR3bits       set	1807
  1106     0F26                     _RC6PPS         set	3878
  1107                           
  1108                           	psect	cinit
  1109     0020                     start_initialization:	
  1110                           ; #config settings
  1111                           
  1112     0020                     __initialization:
  1113                           
  1114                           ; Clear objects allocated to COMMON
  1115     0020  01F3               	clrf	__pbssCOMMON& (0+127)
  1116     0021  01F4               	clrf	(__pbssCOMMON+1)& (0+127)
  1117     0022                     end_of_initialization:	
  1118                           ;End of C runtime variable initialization code
  1119                           
  1120     0022                     __end_of__initialization:
  1121     0022  107E               	bcf	int$flags,0	;clear compiler interrupt flag (level 1)
  1122     0023  0020               	movlb	0
  1123     0024  3180  2826         	ljmp	_main	;jump to C main() function
  1124                           
  1125                           	psect	bssCOMMON
  1126     0073                     __pbssCOMMON:
  1127     0073                     _RXMSG:
  1128     0073                     	ds	1
  1129     0074                     _TXMSG:
  1130     0074                     	ds	1
  1131                           
  1132                           	psect	cstackCOMMON
  1133     0070                     __pcstackCOMMON:
  1134     0070                     ?_ISR:
  1135     0070                     ?_main:	
  1136                           ; 1 bytes @ 0x0
  1137                           
  1138     0070                     ??_ISR:	
  1139                           ; 1 bytes @ 0x0
  1140                           
  1141     0070                     ??_main:	
  1142                           ; 1 bytes @ 0x0
  1143                           
  1144                           
  1145                           ; 1 bytes @ 0x0
  1146     0070                     	ds	1
  1147     0071                     main@x:
  1148                           
  1149                           ; 2 bytes @ 0x1
  1150     0071                     	ds	2
  1151                           
  1152                           	psect	maintext
  1153     0026                     __pmaintext:	
  1154 ;;
  1155 ;;Main: autosize = 0, tempsize = 1, incstack = 0, save=0
  1156 ;;
  1157 ;; *************** function _main *****************
  1158 ;; Defined at:
  1159 ;;		line 55 in file "Mainproject.c"
  1160 ;; Parameters:    Size  Location     Type
  1161 ;;		None
  1162 ;; Auto vars:     Size  Location     Type
  1163 ;;  x               2    1[COMMON] int 
  1164 ;; Return value:  Size  Location     Type
  1165 ;;                  1    wreg      void 
  1166 ;; Registers used:
  1167 ;;		wreg, status,2, status,0
  1168 ;; Tracked objects:
  1169 ;;		On entry : B1F/0
  1170 ;;		On exit  : 0/0
  1171 ;;		Unchanged: 0/0
  1172 ;; Data sizes:     COMMON   BANK0   BANK1   BANK2   BANK3   BANK4   BANK5   BANK6   BANK7   BANK8   BANK9  BANK10  BANK1
      +1  BANK12
  1173 ;;      Params:         0       0       0       0       0       0       0       0       0       0       0       0       
      +0       0
  1174 ;;      Locals:         2       0       0       0       0       0       0       0       0       0       0       0       
      +0       0
  1175 ;;      Temps:          1       0       0       0       0       0       0       0       0       0       0       0       
      +0       0
  1176 ;;      Totals:         3       0       0       0       0       0       0       0       0       0       0       0       
      +0       0
  1177 ;;Total ram usage:        3 bytes
  1178 ;; Hardware stack levels required when called: 1
  1179 ;; This function calls:
  1180 ;;		Nothing
  1181 ;; This function is called by:
  1182 ;;		Startup code after reset
  1183 ;; This function uses a non-reentrant model
  1184 ;;
  1185                           
  1186     0026                     _main:	
  1187                           ;psect for function _main
  1188                           
  1189     0026                     l640:	
  1190                           ;incstack = 0
  1191                           ; Regs used in _main: [wreg+status,2+status,0]
  1192                           
  1193                           
  1194                           ;Mainproject.c: 58:          int x = 0;
  1195     0026  0022               	movlb	2	; select bank2
  1196     0027  159F               	bsf	31,3	;volatile
  1197                           
  1198                           ;Mainproject.c: 59: 
  1199     0028  151E               	bsf	30,2	;volatile
  1200     0029                     l642:
  1201                           
  1202                           ;Mainproject.c: 60:         while(x < 2){
  1203     0029  019C               	clrf	28	;volatile
  1204     002A                     l644:
  1205                           
  1206                           ;Mainproject.c: 61: 
  1207     002A  3044               	movlw	68
  1208     002B  009B               	movwf	27	;volatile
  1209     002C                     l646:
  1210                           
  1211                           ;Mainproject.c: 64:                 PIE3bits.TXIE = 1;
  1212     002C  169E               	bsf	30,5	;volatile
  1213     002D                     l648:
  1214                           
  1215                           ;Mainproject.c: 65:                 x = 1;
  1216     002D  121E               	bcf	30,4	;volatile
  1217     002E                     l650:
  1218                           
  1219                           ;Mainproject.c: 66:             }
  1220     002E  179D               	bsf	29,7	;volatile
  1221     002F                     l652:
  1222                           
  1223                           ;Mainproject.c: 67:             else if((PIR3bits.TXIF == 1) && (x == 1)){
  1224     002F  3010               	movlw	16
  1225     0030  003E               	movlb	30	; select bank30
  1226     0031  00A6               	movwf	38	;volatile
  1227     0032                     l654:
  1228                           
  1229                           ;Mainproject.c: 70:                 x = 2;
  1230     0032  170B               	bsf	11,6	;volatile
  1231     0033                     l656:
  1232                           
  1233                           ;Mainproject.c: 71:             }
  1234     0033  178B               	bsf	11,7	;volatile
  1235     0034                     l47:	
  1236                           ;Mainproject.c: 75:     return;
  1237                           
  1238     0034  01F1               	clrf	main@x
  1239     0035  01F2               	clrf	main@x+1
  1240     0036  285B               	goto	l48
  1241     0037                     l49:
  1242     0037  002E               	movlb	14	; select bank14
  1243     0038  1E0F               	btfss	15,4	;volatile
  1244     0039  283B               	goto	u81
  1245     003A  283C               	goto	u80
  1246     003B                     u81:
  1247     003B  284A               	goto	l50
  1248     003C                     u80:
  1249     003C                     l658:
  1250     003C  0871               	movf	main@x,w
  1251     003D  0472               	iorwf	main@x+1,w
  1252     003E  1D03               	btfss	3,2
  1253     003F  2841               	goto	u91
  1254     0040  2842               	goto	u90
  1255     0041                     u91:
  1256     0041  284A               	goto	l50
  1257     0042                     u90:
  1258     0042                     l660:
  1259     0042  30FE               	movlw	254
  1260     0043  00F4               	movwf	_TXMSG
  1261     0044  1619               	bsf	25,4	;volatile
  1262     0045                     l662:
  1263     0045  3001               	movlw	1
  1264     0046  00F1               	movwf	main@x
  1265     0047  3000               	movlw	0
  1266     0048  00F2               	movwf	main@x+1
  1267     0049  285B               	goto	l48
  1268     004A                     l50:
  1269     004A  1E0F               	btfss	15,4	;volatile
  1270     004B  284D               	goto	u101
  1271     004C  284E               	goto	u100
  1272     004D                     u101:
  1273     004D  285B               	goto	l48
  1274     004E                     u100:
  1275     004E                     l664:
  1276     004E  0371               	decf	main@x,w
  1277     004F  0472               	iorwf	main@x+1,w
  1278     0050  1D03               	btfss	3,2
  1279     0051  2853               	goto	u111
  1280     0052  2854               	goto	u110
  1281     0053                     u111:
  1282     0053  285B               	goto	l48
  1283     0054                     u110:
  1284     0054                     l666:
  1285     0054  3019               	movlw	25
  1286     0055  00F4               	movwf	_TXMSG
  1287     0056  1619               	bsf	25,4	;volatile
  1288     0057                     l668:
  1289     0057  3002               	movlw	2
  1290     0058  00F1               	movwf	main@x
  1291     0059  3000               	movlw	0
  1292     005A  00F2               	movwf	main@x+1
  1293     005B                     l48:
  1294     005B  0872               	movf	main@x+1,w
  1295     005C  3A80               	xorlw	128
  1296     005D  00F0               	movwf	??_main
  1297     005E  3080               	movlw	128
  1298     005F  0270               	subwf	??_main,w
  1299     0060  1D03               	skipz
  1300     0061  2864               	goto	u125
  1301     0062  3002               	movlw	2
  1302     0063  0271               	subwf	main@x,w
  1303     0064                     u125:
  1304     0064  1C03               	skipc
  1305     0065  2867               	goto	u121
  1306     0066  2868               	goto	u120
  1307     0067                     u121:
  1308     0067  2837               	goto	l49
  1309     0068                     u120:
  1310     0068  2834               	goto	l47
  1311     0069  3180  281E         	ljmp	start
  1312     006B                     __end_of_main:
  1313                           
  1314                           	psect	intentry
  1315     0004                     __pintentry:	
  1316 ;; *************** function _ISR *****************
  1317 ;; Defined at:
  1318 ;;		line 24 in file "Mainproject.c"
  1319 ;; Parameters:    Size  Location     Type
  1320 ;;		None
  1321 ;; Auto vars:     Size  Location     Type
  1322 ;;		None
  1323 ;; Return value:  Size  Location     Type
  1324 ;;                  1    wreg      void 
  1325 ;; Registers used:
  1326 ;;		wreg, status,2
  1327 ;; Tracked objects:
  1328 ;;		On entry : 0/0
  1329 ;;		On exit  : 0/0
  1330 ;;		Unchanged: 0/0
  1331 ;; Data sizes:     COMMON   BANK0   BANK1   BANK2   BANK3   BANK4   BANK5   BANK6   BANK7   BANK8   BANK9  BANK10  BANK1
      +1  BANK12
  1332 ;;      Params:         0       0       0       0       0       0       0       0       0       0       0       0       
      +0       0
  1333 ;;      Locals:         0       0       0       0       0       0       0       0       0       0       0       0       
      +0       0
  1334 ;;      Temps:          0       0       0       0       0       0       0       0       0       0       0       0       
      +0       0
  1335 ;;      Totals:         0       0       0       0       0       0       0       0       0       0       0       0       
      +0       0
  1336 ;;Total ram usage:        0 bytes
  1337 ;; Hardware stack levels used: 1
  1338 ;; This function calls:
  1339 ;;		Nothing
  1340 ;; This function is called by:
  1341 ;;		Interrupt level 1
  1342 ;; This function uses a non-reentrant model
  1343 ;;
  1344                           
  1345     0004                     _ISR:
  1346                           
  1347                           ;incstack = 0
  1348     0004  147E               	bsf	int$flags,0	;set compiler interrupt flag (level 1)
  1349                           
  1350                           ; Regs used in _ISR: [wreg+status,2]
  1351     0005  3180               	pagesel	$
  1352     0006  3000               	movlw	low ___int_sp
  1353     0007  0086               	movwf	6
  1354     0008  3000               	movlw	high ___int_sp
  1355     0009  0087               	movwf	7
  1356     000A                     i1l614:
  1357                           
  1358                           ;Mainproject.c: 26:             x = 1;
  1359     000A  002E               	movlb	14	; select bank14
  1360     000B  1E0F               	btfss	15,4	;volatile
  1361     000C  280E               	goto	u1_21
  1362     000D  280F               	goto	u1_20
  1363     000E                     u1_21:
  1364     000E  2815               	goto	i1l622
  1365     000F                     u1_20:
  1366     000F                     i1l616:
  1367                           
  1368                           ;Mainproject.c: 28:         else if((PIR3bits.TXIF == 1) && (x == 1)){
  1369     000F  0874               	movf	_TXMSG,w
  1370     0010  0022               	movlb	2	; select bank2
  1371     0011  009A               	movwf	26	;volatile
  1372     0012                     i1l618:
  1373                           
  1374                           ;Mainproject.c: 29:             TXMSG = 0x19;
  1375     0012  01F4               	clrf	_TXMSG
  1376     0013                     i1l620:
  1377                           
  1378                           ;Mainproject.c: 30:             x = 2;
  1379     0013  002E               	movlb	14	; select bank14
  1380     0014  1219               	bcf	25,4	;volatile
  1381     0015                     i1l622:
  1382                           
  1383                           ;Mainproject.c: 33: }
  1384     0015  1E8F               	btfss	15,5	;volatile
  1385     0016  2818               	goto	u2_21
  1386     0017  2819               	goto	u2_20
  1387     0018                     u2_21:
  1388     0018  281C               	goto	i1l33
  1389     0019                     u2_20:
  1390     0019                     i1l624:
  1391                           
  1392                           ;Mainproject.c: 34: 
  1393     0019  0022               	movlb	2	; select bank2
  1394     001A  0819               	movf	25,w	;volatile
  1395     001B  00F3               	movwf	_RXMSG
  1396     001C                     i1l33:
  1397     001C  107E               	bcf	int$flags,0	;clear compiler interrupt flag (level 1)
  1398     001D  0009               	retfie
  1399     001E                     __end_of_ISR:
  1400     0002                     ___latbits      equ	2
  1401     007E                     btemp           set	126	;btemp
  1402     007E                     int$flags       set	126
  1403     007E                     btemp0          set	126
  1404     007F                     btemp1          set	127
  1405     007E                     wtemp0          set	126
  1406     007F                     wtemp0a         set	127
  1407     007F                     ttemp0a         set	127
  1408     0080                     ltemp0a         set	128
  1409                           
  1410                           	psect	config
  1411                           
  1412                           ;Config register CONFIG1 @ 0x8007
  1413                           ;	External Oscillator mode selection bits
  1414                           ;	FEXTOSC = ECH, EC above 8MHz; PFM set to high power
  1415                           ;	Power-up default value for COSC bits
  1416                           ;	RSTOSC = HFINT32, HFINTOSC with OSCFRQ= 32 MHz and CDIV = 1:1
  1417                           ;	Clock Out Enable bit
  1418                           ;	CLKOUTEN = OFF, CLKOUT function is disabled; i/o or oscillator function on OSC2
  1419                           ;	Clock Switch Enable bit
  1420                           ;	CSWEN = ON, Writing to NOSC and NDIV is allowed
  1421                           ;	Fail-Safe Clock Monitor Enable bit
  1422                           ;	FCMEN = ON, FSCM timer enabled
  1423     8007                     	org	32775
  1424     8007  3F8F               	dw	16271
  1425                           
  1426                           ;Config register CONFIG3 @ 0x8009
  1427                           ;	WDT Period Select bits
  1428                           ;	WDTCPS = 0x1F, unprogrammed default
  1429                           ;	WDT operating mode
  1430                           ;	WDTE = OFF, WDT Disabled, SWDTEN is ignored
  1431                           ;	WDT Window Select bits
  1432                           ;	WDTCWS = 0x7, unprogrammed default
  1433                           ;	WDT input clock selector
  1434                           ;	WDTCCS = 0x7, unprogrammed default
  1435     8009                     	org	32777
  1436     8009  3F9F               	dw	16287

Data Sizes:
    Strings     0
    Constant    0
    Data        0
    BSS         2
    Persistent  48
    Stack       0

Auto Spaces:
    Space          Size  Autos    Used
    COMMON           14      3       5
    BANK0            80      0       0
    BANK1            80      0       0
    BANK2            80      0       0
    BANK3            80      0       0
    BANK4            80      0       0
    BANK5            80      0       0
    BANK6            80      0       0
    BANK7            80      0       0
    BANK8            80      0       0
    BANK9            80      0       0
    BANK10           80      0       0
    BANK11           80      0       0
    BANK12           48      0       0

Pointer List with Targets:

    None.

Critical Paths under _main in COMMON

    None.

Critical Paths under _ISR in COMMON

    None.

Critical Paths under _main in BANK0

    None.

Critical Paths under _ISR in BANK0

    None.

Critical Paths under _main in BANK1

    None.

Critical Paths under _ISR in BANK1

    None.

Critical Paths under _main in BANK2

    None.

Critical Paths under _ISR in BANK2

    None.

Critical Paths under _main in BANK3

    None.

Critical Paths under _ISR in BANK3

    None.

Critical Paths under _main in BANK4

    None.

Critical Paths under _ISR in BANK4

    None.

Critical Paths under _main in BANK5

    None.

Critical Paths under _ISR in BANK5

    None.

Critical Paths under _main in BANK6

    None.

Critical Paths under _ISR in BANK6

    None.

Critical Paths under _main in BANK7

    None.

Critical Paths under _ISR in BANK7

    None.

Critical Paths under _main in BANK8

    None.

Critical Paths under _ISR in BANK8

    None.

Critical Paths under _main in BANK9

    None.

Critical Paths under _ISR in BANK9

    None.

Critical Paths under _main in BANK10

    None.

Critical Paths under _ISR in BANK10

    None.

Critical Paths under _main in BANK11

    None.

Critical Paths under _ISR in BANK11

    None.

Critical Paths under _main in BANK12

    None.

Critical Paths under _ISR in BANK12

    None.

Call Graph Tables:

 ---------------------------------------------------------------------------------
 (Depth) Function   	        Calls       Base Space   Used Autos Params    Refs
 ---------------------------------------------------------------------------------
 (0) _main                                                 3     3      0      45
                                              0 COMMON     3     3      0
 ---------------------------------------------------------------------------------
 Estimated maximum stack depth 0
 ---------------------------------------------------------------------------------
 (Depth) Function   	        Calls       Base Space   Used Autos Params    Refs
 ---------------------------------------------------------------------------------
 (1) _ISR                                                  0     0      0       0
 ---------------------------------------------------------------------------------
 Estimated maximum stack depth 1
 ---------------------------------------------------------------------------------

 Call Graph Graphs:

 _main (ROOT)

 _ISR (ROOT)

Address spaces:
Name               Size   Autos  Total    Usage
BITCOMMON           14      0       0      0.0%
BITBANK0            80      0       0      0.0%
BITBANK1            80      0       0      0.0%
BITBANK2            80      0       0      0.0%
BITBANK3            80      0       0      0.0%
BITBANK4            80      0       0      0.0%
BITBANK5            80      0       0      0.0%
BITBANK6            80      0       0      0.0%
BITBANK7            80      0       0      0.0%
BITBANK8            80      0       0      0.0%
BITBANK9            80      0       0      0.0%
BITBANK10           80      0       0      0.0%
BITBANK11           80      0       0      0.0%
BITBANK12           48      0       0      0.0%
BIGRAM            1008      0       0      0.0%
COMMON              14      3       5     35.7%
BANK0               80      0       0      0.0%
BANK1               80      0       0      0.0%
BANK2               80      0       0      0.0%
BANK3               80      0       0      0.0%
BANK4               80      0       0      0.0%
BANK5               80      0       0      0.0%
BANK6               80      0       0      0.0%
BANK7               80      0       0      0.0%
BANK8               80      0       0      0.0%
BANK9               80      0       0      0.0%
BANK10              80      0       0      0.0%
BANK11              80      0       0      0.0%
BANK12              48      0       0      0.0%
STACK                0      0       0      0.0%
DATA                 0      0       5      0.0%


Microchip Technology PIC Macro Assembler V3.10 build 20250813170317 
Symbol Table                                                                                   Sun Feb 15 13:48:07 2026

                     l50 004A                       l47 0034                       l48 005B  
                     l49 0037                       u80 003C                       u81 003B  
                     u90 0042                       u91 0041                      l640 0026  
                    l650 002E                      l642 0029                      l660 0042  
                    l652 002F                      l644 002A                      l662 0045  
                    l654 0032                      l646 002C                      l664 004E  
                    l656 0033                      l648 002D                      l666 0054  
                    l658 003C                      l668 0057                      u100 004E  
                    u101 004D                      u110 0054                      u111 0053  
                    u120 0068                      u121 0067                      u125 0064  
                    _ISR 0004             _BAUD1CONbits 011F                     ?_ISR 0070  
                   i1l33 001C                     u1_20 000F                     u1_21 000E  
                   u2_20 0019                     u2_21 0018                     _main 0026  
                   fsr1h 0007                     fsr1l 0006                     btemp 007E  
                   start 001E                    ??_ISR 0070                    ?_main 0070  
                  i1l620 0013                    i1l622 0015                    i1l614 000A  
                  i1l624 0019                    i1l616 000F                    i1l618 0012  
                  _RXMSG 0073                    _TXMSG 0074                    btemp0 007E  
                  btemp1 007F                    main@x 0071                    status 0003  
                  wtemp0 007E          __initialization 0020             __end_of_main 006B  
                 ??_main 0070                   _RC1REG 0119                   _RC6PPS 0F26  
                 _TX1REG 011A                   ltemp0a 0080                   ttemp0a 007F  
                 wtemp0a 007F  __end_of__initialization 0022           __pcstackCOMMON 0070  
             __pmaintext 0026               __pintentry 0004                  _SP1BRGH 011C  
                _SP1BRGL 011B     end_of_initialization 0022      start_initialization 0020  
            __end_of_ISR 001E              __pbssCOMMON 0073                ___latbits 0002  
               _PIE3bits 0719                 _PIR3bits 070F                 ___int_sp 0000  
             _RC1STAbits 011D                 int$flags 007E               _INTCONbits 000B  
               intlevel1 0000               _TX1STAbits 011E  
